// Jest Snapshot v1, https://goo.gl/fbAQLP

exports[`Toasts should show component 1`] = `
<div>
  <div
    class="toasts"
  >
    <div
      aria-atomic="true"
      aria-live="assertive"
      class="fade toast show"
      role="alert"
    >
      <div
        class="toast-header"
      >
        <strong
          class="mr-auto"
        >
          error
        </strong>
        <button
          class="close ml-2 mb-1"
          data-dismiss="toast"
          type="button"
        >
          <span
            aria-hidden="true"
          >
            Ã—
          </span>
          <span
            class="sr-only"
          >
            Close
          </span>
        </button>
      </div>
      <div
        class="toast-body"
      >
        Error message
      </div>
    </div>
  </div>
</div>
`;

exports[`Toasts should show nothing 1`] = `<div />`;
